[2026-08-12 11:27:09Z INFO HostContext] No proxy settings were found based on environmental variables (http_proxy/https_proxy/HTTP_PROXY/HTTPS_PROXY)
[2026-08-12 11:27:09Z INFO HostContext] Well known directory 'Bin': 'C:\Users\AAS_INT\OneDrive - AAS Information Technolgogy\Documents\Sibasish\Personal\Minikube_Assessment\GitHub\Hospital_Management_API\github-self-hosted-runner\actions-runner\bin'
[2026-08-12 11:27:09Z INFO HostContext] Well known directory 'Root': 'C:\Users\AAS_INT\OneDrive - AAS Information Technolgogy\Documents\Sibasish\Personal\Minikube_Assessment\GitHub\Hospital_Management_API\github-self-hosted-runner\actions-runner'
[2026-08-12 11:27:09Z INFO HostContext] Well known config file 'Credentials': 'C:\Users\AAS_INT\OneDrive - AAS Information Technolgogy\Documents\Sibasish\Personal\Minikube_Assessment\GitHub\Hospital_Management_API\github-self-hosted-runner\actions-runner\.credentials'
[2026-08-12 11:27:09Z INFO HostContext] Well known directory 'Bin': 'C:\Users\AAS_INT\OneDrive - AAS Information Technolgogy\Documents\Sibasish\Personal\Minikube_Assessment\GitHub\Hospital_Management_API\github-self-hosted-runner\actions-runner\bin'
[2026-08-12 11:27:09Z INFO HostContext] Well known directory 'Root': 'C:\Users\AAS_INT\OneDrive - AAS Information Technolgogy\Documents\Sibasish\Personal\Minikube_Assessment\GitHub\Hospital_Management_API\github-self-hosted-runner\actions-runner'
[2026-08-12 11:27:09Z INFO HostContext] Well known config file 'Runner': 'C:\Users\AAS_INT\OneDrive - AAS Information Technolgogy\Documents\Sibasish\Personal\Minikube_Assessment\GitHub\Hospital_Management_API\github-self-hosted-runner\actions-runner\.runner'
[2026-08-12 11:27:09Z INFO Listener] Runner is built for Windows (X64) - win-x64.
[2026-08-12 11:27:09Z INFO Listener] RuntimeInformation: Microsoft Windows 10.0.26200.
[2026-08-12 11:27:09Z INFO Listener] Version: 2.336.0
[2026-08-12 11:27:09Z INFO Listener] Commit: 98aabcd429c4e8402406c56ce2d26387fed3b9ce
[2026-08-12 11:27:09Z INFO Listener] Culture: en-IN
[2026-08-12 11:27:09Z INFO Listener] UI Culture: en-GB
[2026-08-12 11:27:09Z INFO HostContext] Well known directory 'Bin': 'C:\Users\AAS_INT\OneDrive - AAS Information Technolgogy\Documents\Sibasish\Personal\Minikube_Assessment\GitHub\Hospital_Management_API\github-self-hosted-runner\actions-runner\bin'
[2026-08-12 11:27:09Z INFO HostContext] Well known directory 'Root': 'C:\Users\AAS_INT\OneDrive - AAS Information Technolgogy\Documents\Sibasish\Personal\Minikube_Assessment\GitHub\Hospital_Management_API\github-self-hosted-runner\actions-runner'
[2026-08-12 11:27:09Z INFO Listener] Validating directory permissions for: 'C:\Users\AAS_INT\OneDrive - AAS Information Technolgogy\Documents\Sibasish\Personal\Minikube_Assessment\GitHub\Hospital_Management_API\github-self-hosted-runner\actions-runner'
[2026-08-12 11:27:09Z INFO CommandLineParser] Parse
[2026-08-12 11:27:09Z INFO CommandLineParser] Parsing 1 args
[2026-08-12 11:27:09Z INFO CommandLineParser] parsing argument
[2026-08-12 11:27:09Z INFO CommandLineParser] HasArgs: False
[2026-08-12 11:27:09Z INFO CommandLineParser] Adding Command: run
[2026-08-12 11:27:09Z INFO Listener] Arguments parsed
[2026-08-12 11:27:09Z INFO Runner] ExecuteCommand
[2026-08-12 11:27:09Z INFO ConfigurationStore] currentAssemblyLocation: C:\Users\AAS_INT\OneDrive - AAS Information Technolgogy\Documents\Sibasish\Personal\Minikube_Assessment\GitHub\Hospital_Management_API\github-self-hosted-runner\actions-runner\bin\Runner.Listener.dll
[2026-08-12 11:27:09Z INFO HostContext] Well known directory 'Bin': 'C:\Users\AAS_INT\OneDrive - AAS Information Technolgogy\Documents\Sibasish\Personal\Minikube_Assessment\GitHub\Hospital_Management_API\github-self-hosted-runner\actions-runner\bin'
[2026-08-12 11:27:09Z INFO ConfigurationStore] binPath: C:\Users\AAS_INT\OneDrive - AAS Information Technolgogy\Documents\Sibasish\Personal\Minikube_Assessment\GitHub\Hospital_Management_API\github-self-hosted-runner\actions-runner\bin
[2026-08-12 11:27:09Z INFO HostContext] Well known directory 'Bin': 'C:\Users\AAS_INT\OneDrive - AAS Information Technolgogy\Documents\Sibasish\Personal\Minikube_Assessment\GitHub\Hospital_Management_API\github-self-hosted-runner\actions-runner\bin'
[2026-08-12 11:27:09Z INFO HostContext] Well known directory 'Root': 'C:\Users\AAS_INT\OneDrive - AAS Information Technolgogy\Documents\Sibasish\Personal\Minikube_Assessment\GitHub\Hospital_Management_API\github-self-hosted-runner\actions-runner'
[2026-08-12 11:27:09Z INFO ConfigurationStore] RootFolder: C:\Users\AAS_INT\OneDrive - AAS Information Technolgogy\Documents\Sibasish\Personal\Minikube_Assessment\GitHub\Hospital_Management_API\github-self-hosted-runner\actions-runner
[2026-08-12 11:27:09Z INFO HostContext] Well known directory 'Bin': 'C:\Users\AAS_INT\OneDrive - AAS Information Technolgogy\Documents\Sibasish\Personal\Minikube_Assessment\GitHub\Hospital_Management_API\github-self-hosted-runner\actions-runner\bin'
[2026-08-12 11:27:09Z INFO HostContext] Well known directory 'Root': 'C:\Users\AAS_INT\OneDrive - AAS Information Technolgogy\Documents\Sibasish\Personal\Minikube_Assessment\GitHub\Hospital_Management_API\github-self-hosted-runner\actions-runner'
[2026-08-12 11:27:09Z INFO HostContext] Well known config file 'Runner': 'C:\Users\AAS_INT\OneDrive - AAS Information Technolgogy\Documents\Sibasish\Personal\Minikube_Assessment\GitHub\Hospital_Management_API\github-self-hosted-runner\actions-runner\.runner'
[2026-08-12 11:27:09Z INFO ConfigurationStore] ConfigFilePath: C:\Users\AAS_INT\OneDrive - AAS Information Technolgogy\Documents\Sibasish\Personal\Minikube_Assessment\GitHub\Hospital_Management_API\github-self-hosted-runner\actions-runner\.runner
[2026-08-12 11:27:09Z INFO HostContext] Well known directory 'Bin': 'C:\Users\AAS_INT\OneDrive - AAS Information Technolgogy\Documents\Sibasish\Personal\Minikube_Assessment\GitHub\Hospital_Management_API\github-self-hosted-runner\actions-runner\bin'
[2026-08-12 11:27:09Z INFO HostContext] Well known directory 'Root': 'C:\Users\AAS_INT\OneDrive - AAS Information Technolgogy\Documents\Sibasish\Personal\Minikube_Assessment\GitHub\Hospital_Management_API\github-self-hosted-runner\actions-runner'
[2026-08-12 11:27:09Z INFO HostContext] Well known config file 'MigratedRunner': 'C:\Users\AAS_INT\OneDrive - AAS Information Technolgogy\Documents\Sibasish\Personal\Minikube_Assessment\GitHub\Hospital_Management_API\github-self-hosted-runner\actions-runner\.runner_migrated'
[2026-08-12 11:27:09Z INFO ConfigurationStore] MigratedConfigFilePath: C:\Users\AAS_INT\OneDrive - AAS Information Technolgogy\Documents\Sibasish\Personal\Minikube_Assessment\GitHub\Hospital_Management_API\github-self-hosted-runner\actions-runner\.runner_migrated
[2026-08-12 11:27:09Z INFO HostContext] Well known directory 'Bin': 'C:\Users\AAS_INT\OneDrive - AAS Information Technolgogy\Documents\Sibasish\Personal\Minikube_Assessment\GitHub\Hospital_Management_API\github-self-hosted-runner\actions-runner\bin'
[2026-08-12 11:27:09Z INFO HostContext] Well known directory 'Root': 'C:\Users\AAS_INT\OneDrive - AAS Information Technolgogy\Documents\Sibasish\Personal\Minikube_Assessment\GitHub\Hospital_Management_API\github-self-hosted-runner\actions-runner'
[2026-08-12 11:27:09Z INFO HostContext] Well known config file 'Credentials': 'C:\Users\AAS_INT\OneDrive - AAS Information Technolgogy\Documents\Sibasish\Personal\Minikube_Assessment\GitHub\Hospital_Management_API\github-self-hosted-runner\actions-runner\.credentials'
[2026-08-12 11:27:09Z INFO ConfigurationStore] CredFilePath: C:\Users\AAS_INT\OneDrive - AAS Information Technolgogy\Documents\Sibasish\Personal\Minikube_Assessment\GitHub\Hospital_Management_API\github-self-hosted-runner\actions-runner\.credentials
[2026-08-12 11:27:09Z INFO HostContext] Well known directory 'Bin': 'C:\Users\AAS_INT\OneDrive - AAS Information Technolgogy\Documents\Sibasish\Personal\Minikube_Assessment\GitHub\Hospital_Management_API\github-self-hosted-runner\actions-runner\bin'
[2026-08-12 11:27:09Z INFO HostContext] Well known directory 'Root': 'C:\Users\AAS_INT\OneDrive - AAS Information Technolgogy\Documents\Sibasish\Personal\Minikube_Assessment\GitHub\Hospital_Management_API\github-self-hosted-runner\actions-runner'
[2026-08-12 11:27:09Z INFO HostContext] Well known config file 'MigratedCredentials': 'C:\Users\AAS_INT\OneDrive - AAS Information Technolgogy\Documents\Sibasish\Personal\Minikube_Assessment\GitHub\Hospital_Management_API\github-self-hosted-runner\actions-runner\.credentials_migrated'
[2026-08-12 11:27:09Z INFO ConfigurationStore] MigratedCredFilePath: C:\Users\AAS_INT\OneDrive - AAS Information Technolgogy\Documents\Sibasish\Personal\Minikube_Assessment\GitHub\Hospital_Management_API\github-self-hosted-runner\actions-runner\.credentials_migrated
[2026-08-12 11:27:09Z INFO HostContext] Well known directory 'Bin': 'C:\Users\AAS_INT\OneDrive - AAS Information Technolgogy\Documents\Sibasish\Personal\Minikube_Assessment\GitHub\Hospital_Management_API\github-self-hosted-runner\actions-runner\bin'
[2026-08-12 11:27:09Z INFO HostContext] Well known directory 'Root': 'C:\Users\AAS_INT\OneDrive - AAS Information Technolgogy\Documents\Sibasish\Personal\Minikube_Assessment\GitHub\Hospital_Management_API\github-self-hosted-runner\actions-runner'
[2026-08-12 11:27:09Z INFO HostContext] Well known config file 'Service': 'C:\Users\AAS_INT\OneDrive - AAS Information Technolgogy\Documents\Sibasish\Personal\Minikube_Assessment\GitHub\Hospital_Management_API\github-self-hosted-runner\actions-runner\.service'
[2026-08-12 11:27:09Z INFO ConfigurationStore] ServiceConfigFilePath: C:\Users\AAS_INT\OneDrive - AAS Information Technolgogy\Documents\Sibasish\Personal\Minikube_Assessment\GitHub\Hospital_Management_API\github-self-hosted-runner\actions-runner\.service
[2026-08-12 11:27:09Z INFO CommandSettings] Flag 'help': 'False'
[2026-08-12 11:27:09Z INFO CommandSettings] Flag 'version': 'False'
[2026-08-12 11:27:09Z INFO CommandSettings] Flag 'commit': 'False'
[2026-08-12 11:27:09Z INFO CommandSettings] Flag 'check': 'False'
[2026-08-12 11:27:09Z INFO CommandSettings] Command 'configure': 'False'
[2026-08-12 11:27:09Z INFO CommandSettings] Command 'remove': 'False'
[2026-08-12 11:27:09Z INFO CommandSettings] Command 'warmup': 'False'
[2026-08-12 11:27:09Z INFO ConfigurationManager] LoadSettings
[2026-08-12 11:27:09Z INFO ConfigurationStore] IsConfigured()
[2026-08-12 11:27:09Z INFO ConfigurationStore] IsConfigured: True
[2026-08-12 11:27:09Z INFO ConfigurationManager] Is configured: True
[2026-08-12 11:27:09Z INFO ConfigurationStore] Read setting file: 409 chars
[2026-08-12 11:27:09Z INFO ConfigurationManager] Settings Loaded
[2026-08-12 11:27:09Z INFO ConfigurationStore] IsServiceConfigured()
[2026-08-12 11:27:09Z INFO ConfigurationStore] IsServiceConfigured: False
[2026-08-12 11:27:09Z INFO CommandSettings] Command 'run': 'True'
[2026-08-12 11:27:09Z INFO ConfigurationStore] IsConfigured()
[2026-08-12 11:27:09Z INFO ConfigurationStore] IsConfigured: True
[2026-08-12 11:27:09Z INFO ConfigurationManager] Is configured: True
[2026-08-12 11:27:09Z INFO Runner] Could not parse the argument value '' for StartupType. Defaulting to Manual
[2026-08-12 11:27:09Z INFO Runner] Set runner startup type - Manual
[2026-08-12 11:27:09Z INFO CommandSettings] Flag 'once': 'False'
[2026-08-12 11:27:09Z INFO CommandSettings] Flag 'once': 'False'
[2026-08-12 11:27:09Z INFO Runner] RunAsync
[2026-08-12 11:27:09Z INFO HostContext] Well known directory 'Bin': 'C:\Users\AAS_INT\OneDrive - AAS Information Technolgogy\Documents\Sibasish\Personal\Minikube_Assessment\GitHub\Hospital_Management_API\github-self-hosted-runner\actions-runner\bin'
[2026-08-12 11:27:09Z INFO HostContext] Well known directory 'Root': 'C:\Users\AAS_INT\OneDrive - AAS Information Technolgogy\Documents\Sibasish\Personal\Minikube_Assessment\GitHub\Hospital_Management_API\github-self-hosted-runner\actions-runner'
[2026-08-12 11:27:09Z INFO HostContext] Well known directory 'Work': 'C:\Users\AAS_INT\OneDrive - AAS Information Technolgogy\Documents\Sibasish\Personal\Minikube_Assessment\GitHub\Hospital_Management_API\github-self-hosted-runner\actions-runner\_work'
[2026-08-12 11:27:09Z INFO Runner] Validating directory permissions for: 'C:\Users\AAS_INT\OneDrive - AAS Information Technolgogy\Documents\Sibasish\Personal\Minikube_Assessment\GitHub\Hospital_Management_API\github-self-hosted-runner\actions-runner\_work'
[2026-08-12 11:27:09Z INFO ConfigurationManager] LoadMigratedSettings
[2026-08-12 11:27:09Z INFO ConfigurationStore] IsMigratedConfigured()
[2026-08-12 11:27:09Z INFO ConfigurationStore] IsMigratedConfigured: False
[2026-08-12 11:27:09Z INFO Runner] Failed to load migrated settings: No migrated configuration found.
[2026-08-12 11:27:09Z INFO Runner] Falling back to original .runner settings
[2026-08-12 11:27:09Z INFO Runner] Using BrokerMessageListener
[2026-08-12 11:27:09Z INFO BrokerMessageListener] Using provided settings
[2026-08-12 11:27:09Z INFO BrokerMessageListener] {
  "AgentId": 2,
  "AgentName": "DEV-ADMIN",
  "PoolId": 1,
  "PoolName": "Default",
  "ServerUrl": "https://pipelinesghubeus22.actions.githubusercontent.com/82yAcLGePFiyRqn867lOVI4AMaglSJq9M6qoqKcTxcqbIqU13s/",
  "GitHubUrl": "https://github.com/sibasish5151/Hospital_Management_API",
  "WorkFolder": "_work",
  "UseV2Flow": true,
  "ServerUrlV2": "https://broker.actions.githubusercontent.com/"
}
[2026-08-12 11:27:09Z INFO BrokerMessageListener] Loading Credentials
[2026-08-12 11:27:09Z INFO ConfigurationStore] HasCredentials()
[2026-08-12 11:27:09Z INFO ConfigurationStore] stored True
[2026-08-12 11:27:09Z INFO CredentialManager] GetCredentialProvider
[2026-08-12 11:27:09Z INFO CredentialManager] Creating type OAuth
[2026-08-12 11:27:09Z INFO CredentialManager] Creating credential type: OAuth
[2026-08-12 11:27:09Z INFO HostContext] Well known directory 'Bin': 'C:\Users\AAS_INT\OneDrive - AAS Information Technolgogy\Documents\Sibasish\Personal\Minikube_Assessment\GitHub\Hospital_Management_API\github-self-hosted-runner\actions-runner\bin'
[2026-08-12 11:27:09Z INFO HostContext] Well known directory 'Root': 'C:\Users\AAS_INT\OneDrive - AAS Information Technolgogy\Documents\Sibasish\Personal\Minikube_Assessment\GitHub\Hospital_Management_API\github-self-hosted-runner\actions-runner'
[2026-08-12 11:27:09Z INFO HostContext] Well known config file 'RSACredentials': 'C:\Users\AAS_INT\OneDrive - AAS Information Technolgogy\Documents\Sibasish\Personal\Minikube_Assessment\GitHub\Hospital_Management_API\github-self-hosted-runner\actions-runner\.credentials_rsaparams'
[2026-08-12 11:27:09Z INFO RSAEncryptedFileKeyManager] Loading RSA key parameters from file C:\Users\AAS_INT\OneDrive - AAS Information Technolgogy\Documents\Sibasish\Personal\Minikube_Assessment\GitHub\Hospital_Management_API\github-self-hosted-runner\actions-runner\.credentials_rsaparams
[2026-08-12 11:27:09Z INFO BrokerMessageListener] Attempt to create session.
[2026-08-12 11:27:09Z INFO BrokerMessageListener] Connecting to the Broker Server...
[2026-08-12 11:27:09Z INFO ConfigurationStore] HasCredentials()
[2026-08-12 11:27:09Z INFO ConfigurationStore] stored True
[2026-08-12 11:27:09Z INFO CredentialManager] GetCredentialProvider
[2026-08-12 11:27:09Z INFO CredentialManager] Creating type OAuth
[2026-08-12 11:27:09Z INFO CredentialManager] Creating credential type: OAuth
[2026-08-12 11:27:09Z INFO RSAEncryptedFileKeyManager] Loading RSA key parameters from file C:\Users\AAS_INT\OneDrive - AAS Information Technolgogy\Documents\Sibasish\Personal\Minikube_Assessment\GitHub\Hospital_Management_API\github-self-hosted-runner\actions-runner\.credentials_rsaparams
[2026-08-12 11:27:09Z INFO BrokerMessageListener] VssConnection created
[2026-08-12 11:27:09Z INFO BrokerMessageListener] Connecting to the Runner server...
[2026-08-12 11:27:09Z INFO RunnerServer] EstablishVssConnection
[2026-08-12 11:27:09Z INFO RunnerServer] Establish connection with 100 seconds timeout.
[2026-08-12 11:27:09Z INFO GitHubActionsService] Starting operation Location.GetConnectionData
[2026-08-12 11:27:09Z INFO RunnerServer] EstablishVssConnection
[2026-08-12 11:27:09Z INFO RunnerServer] Establish connection with 60 seconds timeout.
[2026-08-12 11:27:09Z INFO GitHubActionsService] Starting operation Location.GetConnectionData
[2026-08-12 11:27:09Z INFO RunnerServer] EstablishVssConnection
[2026-08-12 11:27:09Z INFO RunnerServer] Establish connection with 60 seconds timeout.
[2026-08-12 11:27:09Z INFO GitHubActionsService] Starting operation Location.GetConnectionData
[2026-08-12 11:27:10Z INFO GitHubActionsService] Finished operation Location.GetConnectionData
[2026-08-12 11:27:10Z INFO GitHubActionsService] Finished operation Location.GetConnectionData
[2026-08-12 11:27:10Z INFO GitHubActionsService] Finished operation Location.GetConnectionData
[2026-08-12 11:27:10Z INFO BrokerMessageListener] VssConnection created
[2026-08-12 11:27:10Z INFO Terminal] WRITE LINE: 
[2026-08-12 11:27:10Z INFO Terminal] WRITE LINE: 
[2026-08-12 11:27:10Z INFO RSAEncryptedFileKeyManager] Loading RSA key parameters from file C:\Users\AAS_INT\OneDrive - AAS Information Technolgogy\Documents\Sibasish\Personal\Minikube_Assessment\GitHub\Hospital_Management_API\github-self-hosted-runner\actions-runner\.credentials_rsaparams
[2026-08-12 11:27:10Z INFO RSAEncryptedFileKeyManager] Loading RSA key parameters from file C:\Users\AAS_INT\OneDrive - AAS Information Technolgogy\Documents\Sibasish\Personal\Minikube_Assessment\GitHub\Hospital_Management_API\github-self-hosted-runner\actions-runner\.credentials_rsaparams
[2026-08-12 11:27:11Z INFO GitHubActionsService] AAD Correlation ID for this token request: Unknown
[2026-08-12 11:27:12Z ERR  GitHubActionsService] POST request to https://broker.actions.githubusercontent.com/session failed. HTTP Status: Conflict
[2026-08-12 11:27:12Z ERR  BrokerMessageListener] Catch exception during create session.
[2026-08-12 11:27:12Z ERR  BrokerMessageListener] GitHub.DistributedTask.WebApi.TaskAgentSessionConflictException: Error: Conflict
   at GitHub.Actions.RunService.WebApi.BrokerHttpClient.CreateSessionAsync(TaskAgentSession session, CancellationToken cancellationToken)
   at GitHub.Runner.Common.BrokerServer.CreateSessionAsync(TaskAgentSession session, CancellationToken cancellationToken)
   at GitHub.Runner.Listener.BrokerMessageListener.CreateSessionAsync(CancellationToken token)
[2026-08-12 11:27:12Z INFO BrokerMessageListener] The session for this runner already exists.
[2026-08-12 11:27:12Z ERR  Terminal] WRITE ERROR: A session for this runner already exists.
[2026-08-12 11:27:12Z INFO BrokerMessageListener] The session conflict exception haven't reached retry limit.
[2026-08-12 11:27:12Z ERR  Terminal] WRITE ERROR: 2026-08-12 11:27:12Z: Runner connect error: Error: Conflict. Retrying until reconnected.
[2026-08-12 11:27:12Z INFO BrokerMessageListener] Sleeping for 30 seconds before retrying.
[2026-08-12 11:27:14Z INFO Terminal] WRITE LINE: Exiting...
[2026-08-12 11:27:14Z INFO ConfigurationStore] IsServiceConfigured()
[2026-08-12 11:27:14Z INFO ConfigurationStore] IsServiceConfigured: False
[2026-08-12 11:27:14Z INFO HostContext] Runner will be shutdown for UserCancelled
[2026-08-12 11:27:14Z INFO Listener] Runner execution been cancelled.
